# Черный список доменов злоумышленника
# Основные банки России (поддельные домены)
sber-bank.ru
sberbank.co
sberbankk.ru
sberbank.com
vtb-bank.ru
vtb.co
vtbbank.ru
vtb.com
alfa-bank.ru
alfabank.co
alfabankk.ru
alfabank.com
gazprom-bank.ru
gazprombank.co
gazprombankk.ru
gazprombank.com
ros-bank.ru
rosbank.co
rosbankk.ru
rosbank.com
raiffeisen-bank.ru
raiffeisen.co
raiffeisenn.ru
raiffeisen.com
tinkoff-bank.ru
tinkoff.co
tinkofff.ru
tinkoff.com
mkb-bank.ru
mkb.co
mkbbank.ru
mkb.com

# Региональные банки (поддельные домены)
bank-moscow.ru
bm-bank.ru
bmm.ru
bm.com
psbank.ru
ps-bank.ru
psbankk.ru
psbank.com
qiwii.ru
qiwi-bank.ru
qiwi.co
qiwi.com
yabank.co
ya-bank.ru
yabankk.ru
yabank.com
bank-otkritie.ru
otkritie-bank.ru
otkritie.co
otkritie.com

# Подозрительные домены
secure-verify-promo.co
offers-promo-login.net
attacker-server.com
internal-update.bank.local
promo-login.net
verify-promo.co
bank-local.com
security-patch.local
